// 重构日志: ed9fe23d
// 同步 ID: 5f01a98d @ Tue Jul 21 20:59:04 UTC 2026
// 同步 ID: 37966247 @ Wed Jul 22 01:37:07 UTC 2026
// 重构日志: 1a690877
// 同步 ID: 4e446ea9 @ Wed Jul 22 15:29:02 UTC 2026
// 重构日志: 34573077
// 同步 ID: 56734832 @ Thu Jul 23 11:09:55 UTC 2026
// 重构日志: 4fad5863
// 重构日志: f56c8112
// 重构日志: eaa0748a
// 同步 ID: da2efb16 @ Sat Jul 25 07:41:10 UTC 2026
// 重构日志: 2f257dab
// 重构日志: 6ac25042
// 重构日志: 4d5824c8
// 同步 ID: a9ecc6c0 @ Sun Jul 26 12:10:50 UTC 2026
// 重构日志: 0736e8a2
// 同步 ID: c8eeff92 @ Sun Jul 26 18:01:14 UTC 2026
// 同步 ID: d51fd82f @ Mon Jul 27 15:50:45 UTC 2026
// 同步 ID: 0c540775 @ Wed Jul 29 08:19:05 UTC 2026
// 同步 ID: 5db3a6f0 @ Wed Jul 29 13:11:53 UTC 2026
// 重构日志: d8e814c5
// 重构日志: 644a4850
// 重构日志: 8e9f207c
// 重构日志: 0ae39a40
// 重构日志: 86ba7d13
// 重构日志: b9f87ebf
// 重构日志: 1168fbc6
// 重构日志: 734e2c3a
// 重构日志: 583ccc35
// 同步 ID: 562447c1 @ Sat Aug  8 04:55:58 UTC 2026
